// Jest Snapshot v1, https://goo.gl/fbAQLP

exports[`<Product /> should match the snapshot 1`] = `ShallowWrapper {}`;
