// Jest Snapshot v1, https://goo.gl/fbAQLP

exports[`<ProdList /> should match the snapshot 1`] = `ShallowWrapper {}`;
