// Jest Snapshot v1, https://goo.gl/fbAQLP

exports[`<OrderList /> should match the snapshot 1`] = `ShallowWrapper {}`;
